[36mvite v5.4.19 [32mbuilding for production...[36m[39m
transforming...
node.exe : Browserslist: 
browsers data 
(caniuse-lite) is 10 
months old. Please run:
At C:\Program 
Files\nodejs\npx.ps1:29 
char:3
+   & $NODE_EXE 
$NPX_CLI_JS $args
+   ~~~~~~~~~~~~~~~~~~~~~~
~~~~~~~
    + CategoryInfo        
      : NotSpecified: (B  
  rowserslist: b...ld.    
 Please run::String) [    
], RemoteException
    + FullyQualifiedError 
   Id : NativeCommandErr  
  or
 
  npx update-browserslist-
db@latest
  Why you should do it 
regularly: https://github.
com/browserslist/update-db
#readme
[32mΓ£ô[39m 2930 modules transformed.
[31mx[39m Build failed 
in 9.40s
[31merror during build:
[31msrc/pages/super-admin
/Users.tsx (34:2): 
"ShieldSlash" is not 
exported by "node_modules/
lucide-react/dist/esm/luci
de-react.js", imported by 
"src/pages/super-admin/Use
rs.tsx".[31m
file: [36mC:/Users/USER/c
ircle-spark-flow/src/pages
/super-admin/Users.tsx:34:
2[31m
[33m
32:   Trash2,
33:   Key,
34:   ShieldSlash,
      ^
35:   Fingerprint
36: } from "lucide-react";
[31m
    at getRollupError (fil
e:///C:/Users/USER/circle-
spark-flow/node_modules/ro
llup/dist/es/shared/parseA
st.js:395:41)
    at error (file:///C:/U
sers/USER/circle-spark-flo
w/node_modules/rollup/dist
/es/shared/parseAst.js:391
:42)
    at Module.error (file:
///C:/Users/USER/circle-sp
ark-flow/node_modules/roll
up/dist/es/shared/node-ent
ry.js:15535:16)
    at 
Module.traceVariable (file
:///C:/Users/USER/circle-s
park-flow/node_modules/rol
lup/dist/es/shared/node-en
try.js:15984:29)
    at 
ModuleScope.findVariable (
file:///C:/Users/USER/circ
le-spark-flow/node_modules
/rollup/dist/es/shared/nod
e-entry.js:13770:39)
    at FunctionScope.findV
ariable (file:///C:/Users/
USER/circle-spark-flow/nod
e_modules/rollup/dist/es/s
hared/node-entry.js:5252:3
8)
    at FunctionBodyScope.f
indVariable (file:///C:/Us
ers/USER/circle-spark-flow
/node_modules/rollup/dist/
es/shared/node-entry.js:52
52:38)
    at ReturnValueScope.fi
ndVariable (file:///C:/Use
rs/USER/circle-spark-flow/
node_modules/rollup/dist/e
s/shared/node-entry.js:525
2:38)
    at FunctionBodyScope.f
indVariable (file:///C:/Us
ers/USER/circle-spark-flow
/node_modules/rollup/dist/
es/shared/node-entry.js:52
52:38)
    at ReturnValueScope.fi
ndVariable (file:///C:/Use
rs/USER/circle-spark-flow/
node_modules/rollup/dist/e
s/shared/node-entry.js:525
2:38)[39m
